// Jest Snapshot v1, https://goo.gl/fbAQLP

exports[`render a SortableItem 1`] = `
<SortableItem
  draggable={true}
  onDelete={[Function]}
  onDragEnd={[Function]}
  onDragOver={[Function]}
  onDragStart={[Function]}
  onTouchEnd={[Function]}
  onTouchMove={[Function]}
  onTouchStart={[Function]}
>
  123
</SortableItem>
`;
